Microchip MPLAB XC8 Compiler V1.12 ()

Linker command line:

--edf=/Applications/microchip/xc8/v1.12/dat/en_msgs.txt -cs \
  -h+dist/LPC_USB_Development_Kit_PIC16F1459/production/MPLAB.X.production.sym \
  -z -Q16F1459 -ol.obj \
  -Mdist/LPC_USB_Development_Kit_PIC16F1459/production/MPLAB.X.production.map \
  -E1 -ver=XC8 -ACONST=00h-0FFhx32 -ACODE=00h-07FFhx4 -ASTRCODE=00h-01FFFh \
  -AENTRY=00h-0FFhx32 -ASTRING=00h-0FFhx32 -ACOMMON=070h-07Fh \
  -ABANK0=020h-06Fh -ABANK1=0A0h-0EFh -ABANK2=0120h-016Fh \
  -ABANK3=01A0h-01EFh -ABANK4=0220h-026Fh -ABANK5=02A0h-02EFh \
  -ABANK6=0320h-036Fh -ABANK7=03A0h-03EFh -ABANK8=0420h-046Fh \
  -ABANK9=04A0h-04EFh -ABANK10=0520h-056Fh -ABANK11=05A0h-05EFh \
  -ABANK12=0620h-064Fh -ABIGRAM=02000h-023EFh \
  -ARAM=020h-06Fh,0A0h-0EFh,0120h-016Fh,01A0h-01EFh,0220h-026Fh,02A0h-02EFh,0320h-036Fh,03A0h-03EFh,0420h-046Fh,04A0h-04EFh,0520h-056Fh,05A0h-05EFh,0620h-064Fh \
  -AABS1=020h-07Fh,0A0h-0EFh,0120h-016Fh,01A0h-01EFh,0220h-026Fh,02A0h-02EFh,0320h-036Fh,03A0h-03EFh,0420h-046Fh,04A0h-04EFh,0520h-056Fh,05A0h-05EFh,0620h-064Fh \
  -ASFR0=00h-01Fh -ASFR1=080h-09Fh -ASFR2=0100h-011Fh -ASFR3=0180h-019Fh \
  -ASFR4=0200h-021Fh -ASFR5=0280h-029Fh -ASFR6=0300h-031Fh \
  -ASFR7=0380h-039Fh -ASFR8=0400h-041Fh -ASFR9=0480h-049Fh \
  -ASFR10=0500h-051Fh -ASFR11=0580h-059Fh -ASFR12=0600h-061Fh \
  -ASFR13=0680h-06EFh -ASFR14=0700h-076Fh -ASFR15=0780h-07EFh \
  -ASFR16=0800h-086Fh -ASFR17=0880h-08EFh -ASFR18=0900h-096Fh \
  -ASFR19=0980h-09EFh -ASFR20=0A00h-0A6Fh -ASFR21=0A80h-0AEFh \
  -ASFR22=0B00h-0B6Fh -ASFR23=0B80h-0BEFh -ASFR24=0C00h-0C6Fh \
  -ASFR25=0C80h-0CEFh -ASFR26=0D00h-0D6Fh -ASFR27=0D80h-0DEFh \
  -ASFR28=0E00h-0E6Fh -ASFR29=0E80h-0EEFh -ASFR30=0F00h-0F6Fh \
  -ASFR31=0F80h-0FEFh -preset_vec=00h,intentry=04h,init,end_init \
  -ppowerup=CODE -pfunctab=CODE -ACONFIG=08007h-08008h -pconfig=CONFIG \
  -DCONFIG=2 -AIDLOC=08000h-08003h -pidloc=IDLOC -DIDLOC=2 -DCODE=2 \
  -DSTRCODE=2 -DSTRING=2 -DCONST=2 -DENTRY=2 -k /tmp/cgtMGghMr.obj \
  dist/LPC_USB_Development_Kit_PIC16F1459/production/MPLAB.X.production.obj 

Object code version is 3.10

Machine type is 16F1459



                Name                               Link     Load   Length Selector   Space Scale
/tmp/cgtMGghMr.obj
                end_init                              B        B        2        8       0
                reset_vec                             0        0        2        0       0
                config                             8007     8007        2    1000E       0
dist/LPC_USB_Development_Kit_PIC16F1459/production/MPLAB.X.production.obj
                intentry                              4        4        7        8       0
                text1173                            7BD      7BD       43      7E8       0
                text1172                            B37      B37       2C     166E       0
                text1171                            2F6      2F6        9        8       0
                text1170                            A53      A53        1     14A6       0
                text1169                            600      600       9D      7E8       0
                text1168                            A55      A55        4     14AA       0
                text1167                            A54      A54        1     14A8       0
                text1166                              2        2        1        0       0
                text1165                              3        3        1        6       0
                text1164                            2FF      2FF        1        8       0
                text1163                            C6C      C6C       59     18D8       0
                text1162                            D8E      D8E       75     1B1C       0
                text1161                            55C      55C       A4      7E8       0
                text1160                            AA2      AA2       18     1544       0
                text1159                            A8D      A8D       15     151A       0
                text1158                            3F4      3F4       B9      7E8       0
                text1157                            A5F      A5F        C     14BE       0
                text1156                            BD3      BD3       4A     17A6       0
                text1155                            160      160      138        8       0
                text1154                            69D      69D       92      7E8       0
                text1153                            E03      E03       76     1C06       0
                text1152                            D23      D23       6B     1A46       0
                text1151                            4AD      4AD       AF      7E8       0
                text1150                            B63      B63       30     16C6       0
                text1149                            CC5      CC5       5E     198A       0
                text1148                            E79      E79       7D     1CF2       0
                text1147                            AED      AED       22     15DA       0
                text1146                            72F      72F       8E      7E8       0
                swtext1                             800      800       1A     1000       0
                text1145                            298      298       5E        8       0
                text1144                            C1D      C1D       4F     183A       0
                text1143                            F75      F75       8B     1EEA       0
                text1142                            B93      B93       40     1726       0
                text1141                            EF6      EF6       7F     1DEC       0
                text1140                            B0F      B0F       28     161E       0
                text1139                            AD3      AD3       1A     15A6       0
                text1138                            ABA      ABA       19     1574       0
                text1137                              D        D      153        8       0
                maintext                            A6B      A6B        E     14D6       0
                cstackBANK0                          50       50       16       50       1
                cstackCOMMON                         70       70        C       70       1
                clrtext                             A59      A59        6     14B2       0
                bssBANK1l                            A7       A7       22       A7       1
                bssBANK0                             66       66        A       50       1
                bssCOMMON                            7C       7C        1       70       1
                cinit                               A79      A79       14     14F2       0
                nvBANK1l                             E8       E8        2       E8       1
                stringtext                          300      300       F4        6       0

TOTAL           Name                               Link     Load   Length     Space
        CLASS   CONST          
                swtext1                             800      800       1A         0

        CLASS   CODE           
                end_init                              B        B        2         0
                intentry                              4        4        7         0
                reset_vec                             0        0        2         0
                text1173                            7BD      7BD       43         0
                text1172                            B37      B37       2C         0
                text1171                            2F6      2F6        9         0
                text1170                            A53      A53        1         0
                text1169                            600      600       9D         0
                text1168                            A55      A55        4         0
                text1167                            A54      A54        1         0
                text1166                              2        2        1         0
                text1165                              3        3        1         0
                text1164                            2FF      2FF        1         0
                text1163                            C6C      C6C       59         0
                text1162                            D8E      D8E       75         0
                text1161                            55C      55C       A4         0
                text1160                            AA2      AA2       18         0
                text1159                            A8D      A8D       15         0
                text1158                            3F4      3F4       B9         0
                text1157                            A5F      A5F        C         0
                text1156                            BD3      BD3       4A         0
                text1155                            160      160      138         0
                text1154                            69D      69D       92         0
                text1153                            E03      E03       76         0
                text1152                            D23      D23       6B         0
                text1151                            4AD      4AD       AF         0
                text1150                            B63      B63       30         0
                text1149                            CC5      CC5       5E         0
                text1148                            E79      E79       7D         0
                text1147                            AED      AED       22         0
                text1146                            72F      72F       8E         0
                text1145                            298      298       5E         0
                text1144                            C1D      C1D       4F         0
                text1143                            F75      F75       8B         0
                text1142                            B93      B93       40         0
                text1141                            EF6      EF6       7F         0
                text1140                            B0F      B0F       28         0
                text1139                            AD3      AD3       1A         0
                text1138                            ABA      ABA       19         0
                text1137                              D        D      153         0
                maintext                            A6B      A6B        E         0
                clrtext                             A59      A59        6         0
                cinit                               A79      A79       14         0

        CLASS   STRCODE        
                stringtext                          300      300       F4         0

        CLASS   ENTRY          

        CLASS   STRING         

        CLASS   COMMON         
                cstackCOMMON                         70       70        C         1
                bssCOMMON                            7C       7C        1         1

        CLASS   BANK0          
                cstackBANK0                          50       50       16         1
                bssBANK0                             66       66        A         1

        CLASS   BANK1          
                bssBANK1l                            A7       A7       22         1
                nvBANK1l                             E8       E8        2         1

        CLASS   BANK2          

        CLASS   BANK3          

        CLASS   BANK4          

        CLASS   BANK5          

        CLASS   BANK6          

        CLASS   BANK7          

        CLASS   BANK8          

        CLASS   BANK9          

        CLASS   BANK10         

        CLASS   BANK11         

        CLASS   BANK12         

        CLASS   BIGRAM         

        CLASS   RAM            

        CLASS   ABS1           
                abs_s1                               20       20       30         1
                abs_s1                               7E       7E        2         1
                abs_s1                               A0       A0        7         1
                abs_s1                               E0       E0        8         1

        CLASS   SFR0           

        CLASS   SFR1           

        CLASS   SFR2           

        CLASS   SFR3           

        CLASS   SFR4           

        CLASS   SFR5           

        CLASS   SFR6           

        CLASS   SFR7           

        CLASS   SFR8           

        CLASS   SFR9           

        CLASS   SFR10          

        CLASS   SFR11          

        CLASS   SFR12          

        CLASS   SFR13          

        CLASS   SFR14          

        CLASS   SFR15          

        CLASS   SFR16          

        CLASS   SFR17          

        CLASS   SFR18          

        CLASS   SFR19          

        CLASS   SFR20          

        CLASS   SFR21          

        CLASS   SFR22          

        CLASS   SFR23          

        CLASS   SFR24          

        CLASS   SFR25          

        CLASS   SFR26          

        CLASS   SFR27          

        CLASS   SFR28          

        CLASS   SFR29          

        CLASS   SFR30          

        CLASS   SFR31          

        CLASS   CONFIG         
                config                             8007     8007        2         0

        CLASS   IDLOC          

        CLASS   BANK31         

        CLASS   BANK30         

        CLASS   BANK29         

        CLASS   BANK28         

        CLASS   BANK27         

        CLASS   BANK26         

        CLASS   BANK25         

        CLASS   BANK24         

        CLASS   BANK23         

        CLASS   BANK22         

        CLASS   BANK21         

        CLASS   BANK20         

        CLASS   BANK19         

        CLASS   BANK18         

        CLASS   BANK17         

        CLASS   BANK16         

        CLASS   BANK15         

        CLASS   BANK14         

        CLASS   BANK13         

        CLASS   EEDATA         



SEGMENTS        Name                           Load    Length   Top    Selector   Space  Class     Delta

                reset_vec                      000000  000003  000003         0       0  CODE        2
                text1165                       000003  000001  000004         6       0  CODE        2
                intentry                       000004  0002FC  000300         8       0  CODE        2
                cstackBANK0                    000050  000020  000070        50       1  BANK0       1
                cstackCOMMON                   000070  00000D  00007D        70       1  COMMON      1
                bssBANK1l                      0000A7  000022  0000C9        A7       1  BANK1       1
                nvBANK1l                       0000E8  000002  0000EA        E8       1  BANK1       1
                stringtext                     000300  0000F4  0003F4         6       0  STRCODE     2
                text1158                       0003F4  00040C  000800       7E8       0  CODE        2
                swtext1                        000800  00001A  00081A      1000       0  CONST       2
                text1170                       000A53  000001  000A54      14A6       0  CODE        2
                text1167                       000A54  000001  000A55      14A8       0  CODE        2
                text1168                       000A55  000004  000A59      14AA       0  CODE        2
                clrtext                        000A59  000006  000A5F      14B2       0  CODE        2
                text1157                       000A5F  00000C  000A6B      14BE       0  CODE        2
                maintext                       000A6B  00000E  000A79      14D6       0  CODE        2
                cinit                          000A79  000014  000A8D      14F2       0  CODE        2
                text1159                       000A8D  000015  000AA2      151A       0  CODE        2
                text1160                       000AA2  000018  000ABA      1544       0  CODE        2
                text1138                       000ABA  000019  000AD3      1574       0  CODE        2
                text1139                       000AD3  00001A  000AED      15A6       0  CODE        2
                text1147                       000AED  000022  000B0F      15DA       0  CODE        2
                text1140                       000B0F  000028  000B37      161E       0  CODE        2
                text1172                       000B37  00002C  000B63      166E       0  CODE        2
                text1150                       000B63  000030  000B93      16C6       0  CODE        2
                text1142                       000B93  000040  000BD3      1726       0  CODE        2
                text1156                       000BD3  00004A  000C1D      17A6       0  CODE        2
                text1144                       000C1D  00004F  000C6C      183A       0  CODE        2
                text1163                       000C6C  000059  000CC5      18D8       0  CODE        2
                text1149                       000CC5  00005E  000D23      198A       0  CODE        2
                text1152                       000D23  00006B  000D8E      1A46       0  CODE        2
                text1162                       000D8E  000075  000E03      1B1C       0  CODE        2
                text1153                       000E03  000076  000E79      1C06       0  CODE        2
                text1148                       000E79  00007D  000EF6      1CF2       0  CODE        2
                text1141                       000EF6  00007F  000F75      1DEC       0  CODE        2
                text1143                       000F75  00008B  001000      1EEA       0  CODE        2
                config                         008007  000002  008009     1000E       0  CONFIG      2


UNUSED ADDRESS RANGES

        Name                Unused          Largest block    Delta
        BANK1            000C9-000DF              17           1
                         000EA-000EF               6
        BANK10           00520-0056F              50           1
        BANK11           005A0-005EF              50           1
        BANK12           00620-0064F              30           1
        BANK2            00120-0016F              50           1
        BANK3            001A0-001EF              50           1
        BANK4            00220-0026F              50           1
        BANK5            002A0-002EF              50           1
        BANK6            00320-0036F              50           1
        BANK7            003A0-003EF              50           1
        BANK8            00420-0046F              50           1
        BANK9            004A0-004EF              50           1
        BIGRAM           02000-023EF             3F0           1
        CODE             0081A-00A52             239           2
                         01000-01FFF             800
        COMMON           0007D-0007D               1           1
        CONST            0081A-00A52             100           2
                         01000-01FFF             100
        ENTRY            0081A-00A52             100           2
                         01000-01FFF             100
        IDLOC            08000-08003               4           2
        RAM              000C9-000DF              17           1
                         000EA-000EF               6
                         00120-0016F              50
                         001A0-001EF              50
                         00220-0026F              50
                         002A0-002EF              50
                         00320-0036F              50
                         003A0-003EF              50
                         00420-0046F              50
                         004A0-004EF              50
                         00520-0056F              50
                         005A0-005EF              50
                         00620-0064F              30
        SFR0             00000-0001F              20           1
        SFR1             00080-0009F              20           1
        SFR10            00500-0051F              20           1
        SFR11            00580-0059F              20           1
        SFR12            00600-0061F              20           1
        SFR13            00680-006EF              70           1
        SFR14            00700-0076F              70           1
        SFR15            00780-007EF              70           1
        SFR16            00800-0086F              70           1
        SFR17            00880-008EF              70           1
        SFR18            00900-0096F              70           1
        SFR19            00980-009EF              70           1
        SFR2             00100-0011F              20           1
        SFR20            00A00-00A6F              70           1
        SFR21            00A80-00AEF              70           1
        SFR22            00B00-00B6F              70           1
        SFR23            00B80-00BEF              70           1
        SFR24            00C00-00C6F              70           1
        SFR25            00C80-00CEF              70           1
        SFR26            00D00-00D6F              70           1
        SFR27            00D80-00DEF              70           1
        SFR28            00E00-00E6F              70           1
        SFR29            00E80-00EEF              70           1
        SFR3             00180-0019F              20           1
        SFR30            00F00-00F6F              70           1
        SFR31            00F80-00FEF              70           1
        SFR4             00200-0021F              20           1
        SFR5             00280-0029F              20           1
        SFR6             00300-0031F              20           1
        SFR7             00380-0039F              20           1
        SFR8             00400-0041F              20           1
        SFR9             00480-0049F              20           1
        STRCODE          0081A-00A52             239           2
                         01000-01FFF            1000
        STRING           0081A-00A52             100           2
                         01000-01FFF             100

                                  Symbol Table

?_USBConfigureEndpoint                    cstackCOMMON 00071
?_USBEnableEndpoint                       cstackCOMMON 00078
?_USBTransferOnePacket                    cstackCOMMON 00071
?_USER_USB_CALLBACK_EVENT_HANDLER         cstackBANK0  00053
?_memset                                  cstackCOMMON 00071
BlinkUSBStatus@led_count                  bssBANK1l    000AD
USBCBSendResume@delay_count               bssBANK1l    000AF
USBConfigureEndpoint@EPNum                cstackCOMMON 00076
USBConfigureEndpoint@direction            cstackCOMMON 00071
USBConfigureEndpoint@handle               cstackCOMMON 00077
USBCtrlEPService@setup_cnt                cstackBANK0  00062
USBCtrlTrfInHandler@lastDTS               cstackCOMMON 00076
USBCtrlTrfRxService@byteToRead            cstackCOMMON 00076
USBCtrlTrfRxService@i                     cstackCOMMON 00075
USBCtrlTrfTxService@byteToSend            cstackCOMMON 00073
USBDeviceInit@i                           cstackCOMMON 00076
USBDeviceInit@i_718                       cstackCOMMON 00075
USBDeviceInit@p                           cstackCOMMON 00073
USBDeviceTasks@i                          cstackBANK0  00065
USBEnableEndpoint@ep                      cstackBANK0  00052
USBEnableEndpoint@options                 cstackCOMMON 00078
USBEnableEndpoint@p                       cstackBANK0  00050
USBStdFeatureReqHandler@current_ep_data   cstackBANK0  0005C
USBStdFeatureReqHandler@p                 cstackBANK0  0005D
USBStdFeatureReqHandler@pUEP              cstackBANK0  0005A
USBStdGetStatusHandler@p                  cstackCOMMON 00072
USBStdSetCfgHandler@i                     cstackBANK0  0005C
USBStdSetCfgHandler@i_1089                cstackBANK0  0005B
USBStdSetCfgHandler@p                     cstackBANK0  00059
USBTransferOnePacket@data                 cstackCOMMON 00072
USBTransferOnePacket@dir                  cstackCOMMON 00071
USBTransferOnePacket@ep                   cstackCOMMON 00076
USBTransferOnePacket@handle               cstackCOMMON 00077
USBTransferOnePacket@len                  cstackCOMMON 00073
USER_USB_CALLBACK_EVENT_HANDLER@event     cstackBANK0  00053
_ANSELA                                   (abs)        0018C
_ANSELB                                   (abs)        0018D
_ANSELC                                   (abs)        0018E
_BDT                                      (abs)        00020
_BlinkUSBStatus                           text1161     0055C
_BothEP0OutUOWNsSet                       bssBANK1l    000B7
_CtrlTrfData                              (abs)        00048
_ISRCode                                  intentry     00004
_InitializeSystem                         text1157     00A5F
_Joystick                                 text1162     00D8E
_Joystick$1771                            cstackBANK0  00050
_LATC                                     (abs)        0010E
_LATCbits                                 (abs)        0010E
_PIE2bits                                 (abs)        00092
_PIR2bits                                 (abs)        00012
_PORTAbits                                (abs)        0000C
_ProcessIO                                text1159     00A8D
_RemoteWakeup                             bssBANK1l    000B8
_SetupPkt                                 (abs)        00040
_TRISC                                    (abs)        0008E
_UADDR                                    (abs)        00E96
_UCFG                                     (abs)        00E91
_UCON                                     (abs)        00E8E
_UCONbits                                 (abs)        00E8E
_UEIE                                     (abs)        00E97
_UEIR                                     (abs)        00E93
_UEP0                                     (abs)        00E98
_UEP0bits                                 (abs)        00E98
_UEP1                                     (abs)        00E99
_UIE                                      (abs)        00E92
_UIEbits                                  (abs)        00E92
_UIR                                      (abs)        00E90
_UIRbits                                  (abs)        00E90
_USBActiveConfiguration                   bssBANK1l    000C5
_USBAlternateInterface                    bssBANK1l    000C6
_USBBusIsSuspended                        bssBANK1l    000B9
_USBCBCheckOtherReq                       text1168     00A55
_USBCBErrorHandler                        text1167     00A54
_USBCBInitEP                              text1171     002F6
_USBCBStdSetDscHandler                    text1170     00A53
_USBCBSuspend                             text1164     002FF
_USBCBWakeFromSuspend                     text1165     00003
_USBCB_SOF_Handler                        text1166     00002
_USBCheckHIDRequest                       text1169     00600
_USBCheckStdRequest                       text1145     00298
_USBConfigureEndpoint                     text1173     007BD
_USBCtrlEPAllowDataStage                  text1144     00C1D
_USBCtrlEPAllowStatusStage                text1152     00D23
_USBCtrlEPService                         text1141     00EF6
_USBCtrlEPServiceComplete                 text1143     00F75
_USBCtrlTrfInHandler                      text1153     00E03
_USBCtrlTrfOutHandler                     text1150     00B63
_USBCtrlTrfRxService                      text1151     004AD
_USBCtrlTrfSetupHandler                   text1142     00B93
_USBCtrlTrfTxService                      text1154     0069D
_USBDeferINDataStagePackets               bssBANK1l    000BA
_USBDeferOUTDataStagePackets              bssBANK1l    000BB
_USBDeferStatusStagePacket                bssBANK1l    000BC
_USBDeviceInit                            text1158     003F4
_USBDeviceState                           bssBANK0     00068
_USBDeviceTasks                           text1137     0000D
_USBEnableEndpoint                        text1172     00B37
_USBStallHandler                          text1140     00B0F
_USBStatusStageEnabledFlag1               bssBANK1l    000BD
_USBStatusStageEnabledFlag2               bssBANK1l    000BE
_USBStatusStageTimeoutCounter             bssBANK1l    000BF
_USBStdFeatureReqHandler                  text1155     00160
_USBStdGetDscHandler                      text1148     00E79
_USBStdGetStatusHandler                   text1149     00CC5
_USBStdSetCfgHandler                      text1146     0072F
_USBSuspend                               text1139     00AD3
_USBTransferOnePacket                     text1163     00C6C
_USBWakeFromSuspend                       text1138     00ABA
_USB_CD_Ptr                               stringtext   00307
_USB_SD_Ptr                               stringtext   00301
_USER_USB_CALLBACK_EVENT_HANDLER          text1156     00BD3
_USTAT                                    (abs)        00E8F
_USTATcopy                                bssBANK0     0006F
_UserInit                                 text1160     00AA2
__CFG_CPUDIV$NOCLKDIV                     (abs)        00000
__CFG_FCMEN$OFF                           (abs)        00000
__CFG_FOSC$HS                             (abs)        00000
__CFG_IESO$OFF                            (abs)        00000
__CFG_LVP$OFF                             (abs)        00000
__CFG_MCLRE$OFF                           (abs)        00000
__CFG_PLLMULT$4x                          (abs)        00000
__CFG_PWRTE$ON                            (abs)        00000
__CFG_WDTE$OFF                            (abs)        00000
__Habs1                                   abs1         00000
__Hbank0                                  bank0        00000
__Hbank1                                  bank1        00000
__Hbank10                                 bank10       00000
__Hbank11                                 bank11       00000
__Hbank12                                 bank12       00000
__Hbank13                                 bank13       00000
__Hbank14                                 bank14       00000
__Hbank15                                 bank15       00000
__Hbank16                                 bank16       00000
__Hbank17                                 bank17       00000
__Hbank18                                 bank18       00000
__Hbank19                                 bank19       00000
__Hbank2                                  bank2        00000
__Hbank20                                 bank20       00000
__Hbank21                                 bank21       00000
__Hbank22                                 bank22       00000
__Hbank23                                 bank23       00000
__Hbank24                                 bank24       00000
__Hbank25                                 bank25       00000
__Hbank26                                 bank26       00000
__Hbank27                                 bank27       00000
__Hbank28                                 bank28       00000
__Hbank29                                 bank29       00000
__Hbank3                                  bank3        00000
__Hbank30                                 bank30       00000
__Hbank31                                 bank31       00000
__Hbank4                                  bank4        00000
__Hbank5                                  bank5        00000
__Hbank6                                  bank6        00000
__Hbank7                                  bank7        00000
__Hbank8                                  bank8        00000
__Hbank9                                  bank9        00000
__Hbigram                                 bigram       00000
__HbssBANK0                               bssBANK0     00000
__HbssBANK1l                              bssBANK1l    00000
__HbssCOMMON                              bssCOMMON    00000
__Hcinit                                  cinit        00000
__Hclrtext                                clrtext      00000
__Hcode                                   code         00000
__Hcommon                                 common       00000
__Hconfig                                 config       08009
__HcstackBANK0                            cstackBANK0  00000
__HcstackCOMMON                           cstackCOMMON 00000
__Heeprom_data                            eeprom_data  00000
__Hend_init                               end_init     0000D
__Hfunctab                                functab      00000
__Hidloc                                  idloc        00000
__Hinit                                   init         0000B
__Hintentry                               intentry     0000B
__Hmaintext                               maintext     00000
__HnvBANK1l                               nvBANK1l     00000
__Hpowerup                                powerup      00000
__Hram                                    ram          00000
__Hreset_vec                              reset_vec    00002
__Hsfr0                                   sfr0         00000
__Hsfr1                                   sfr1         00000
__Hsfr10                                  sfr10        00000
__Hsfr11                                  sfr11        00000
__Hsfr12                                  sfr12        00000
__Hsfr13                                  sfr13        00000
__Hsfr14                                  sfr14        00000
__Hsfr15                                  sfr15        00000
__Hsfr16                                  sfr16        00000
__Hsfr17                                  sfr17        00000
__Hsfr18                                  sfr18        00000
__Hsfr19                                  sfr19        00000
__Hsfr2                                   sfr2         00000
__Hsfr20                                  sfr20        00000
__Hsfr21                                  sfr21        00000
__Hsfr22                                  sfr22        00000
__Hsfr23                                  sfr23        00000
__Hsfr24                                  sfr24        00000
__Hsfr25                                  sfr25        00000
__Hsfr26                                  sfr26        00000
__Hsfr27                                  sfr27        00000
__Hsfr28                                  sfr28        00000
__Hsfr29                                  sfr29        00000
__Hsfr3                                   sfr3         00000
__Hsfr30                                  sfr30        00000
__Hsfr31                                  sfr31        00000
__Hsfr4                                   sfr4         00000
__Hsfr5                                   sfr5         00000
__Hsfr6                                   sfr6         00000
__Hsfr7                                   sfr7         00000
__Hsfr8                                   sfr8         00000
__Hsfr9                                   sfr9         00000
__Hstrings                                strings      00000
__Hstringtext                             stringtext   00000
__Htext                                   text         00000
__Labs1                                   abs1         00000
__Lbank0                                  bank0        00000
__Lbank1                                  bank1        00000
__Lbank10                                 bank10       00000
__Lbank11                                 bank11       00000
__Lbank12                                 bank12       00000
__Lbank13                                 bank13       00000
__Lbank14                                 bank14       00000
__Lbank15                                 bank15       00000
__Lbank16                                 bank16       00000
__Lbank17                                 bank17       00000
__Lbank18                                 bank18       00000
__Lbank19                                 bank19       00000
__Lbank2                                  bank2        00000
__Lbank20                                 bank20       00000
__Lbank21                                 bank21       00000
__Lbank22                                 bank22       00000
__Lbank23                                 bank23       00000
__Lbank24                                 bank24       00000
__Lbank25                                 bank25       00000
__Lbank26                                 bank26       00000
__Lbank27                                 bank27       00000
__Lbank28                                 bank28       00000
__Lbank29                                 bank29       00000
__Lbank3                                  bank3        00000
__Lbank30                                 bank30       00000
__Lbank31                                 bank31       00000
__Lbank4                                  bank4        00000
__Lbank5                                  bank5        00000
__Lbank6                                  bank6        00000
__Lbank7                                  bank7        00000
__Lbank8                                  bank8        00000
__Lbank9                                  bank9        00000
__Lbigram                                 bigram       00000
__LbssBANK0                               bssBANK0     00000
__LbssBANK1l                              bssBANK1l    00000
__LbssCOMMON                              bssCOMMON    00000
__Lcinit                                  cinit        00000
__Lclrtext                                clrtext      00000
__Lcode                                   code         00000
__Lcommon                                 common       00000
__Lconfig                                 config       08007
__LcstackBANK0                            cstackBANK0  00000
__LcstackCOMMON                           cstackCOMMON 00000
__Leeprom_data                            eeprom_data  00000
__Lend_init                               end_init     0000B
__Lfunctab                                functab      00000
__Lidloc                                  idloc        00000
__Linit                                   init         0000B
__Lintentry                               intentry     00004
__Lmaintext                               maintext     00000
__LnvBANK1l                               nvBANK1l     00000
__Lpowerup                                powerup      00000
__Lram                                    ram          00000
__Lreset_vec                              reset_vec    00000
__Lsfr0                                   sfr0         00000
__Lsfr1                                   sfr1         00000
__Lsfr10                                  sfr10        00000
__Lsfr11                                  sfr11        00000
__Lsfr12                                  sfr12        00000
__Lsfr13                                  sfr13        00000
__Lsfr14                                  sfr14        00000
__Lsfr15                                  sfr15        00000
__Lsfr16                                  sfr16        00000
__Lsfr17                                  sfr17        00000
__Lsfr18                                  sfr18        00000
__Lsfr19                                  sfr19        00000
__Lsfr2                                   sfr2         00000
__Lsfr20                                  sfr20        00000
__Lsfr21                                  sfr21        00000
__Lsfr22                                  sfr22        00000
__Lsfr23                                  sfr23        00000
__Lsfr24                                  sfr24        00000
__Lsfr25                                  sfr25        00000
__Lsfr26                                  sfr26        00000
__Lsfr27                                  sfr27        00000
__Lsfr28                                  sfr28        00000
__Lsfr29                                  sfr29        00000
__Lsfr3                                   sfr3         00000
__Lsfr30                                  sfr30        00000
__Lsfr31                                  sfr31        00000
__Lsfr4                                   sfr4         00000
__Lsfr5                                   sfr5         00000
__Lsfr6                                   sfr6         00000
__Lsfr7                                   sfr7         00000
__Lsfr8                                   sfr8         00000
__Lsfr9                                   sfr9         00000
__Lstrings                                strings      00000
__Lstringtext                             stringtext   00000
__Ltext                                   text         00000
__S0                                      (abs)        08009
__S1                                      (abs)        000EA
__end_of_BlinkUSBStatus                   text1161     00600
__end_of_ISRCode                          intentry     0000B
__end_of_InitializeSystem                 text1157     00A6B
__end_of_Joystick                         text1162     00E03
__end_of_ProcessIO                        text1159     00AA2
__end_of_USBCBCheckOtherReq               text1168     00A59
__end_of_USBCBErrorHandler                text1167     00A55
__end_of_USBCBInitEP                      text1171     002FF
__end_of_USBCBStdSetDscHandler            text1170     00A54
__end_of_USBCBSuspend                     text1164     00300
__end_of_USBCBWakeFromSuspend             text1165     00004
__end_of_USBCB_SOF_Handler                text1166     00003
__end_of_USBCheckHIDRequest               text1169     0069D
__end_of_USBCheckStdRequest               text1145     002F6
__end_of_USBConfigureEndpoint             text1173     00800
__end_of_USBCtrlEPAllowDataStage          text1144     00C6C
__end_of_USBCtrlEPAllowStatusStage        text1152     00D8E
__end_of_USBCtrlEPService                 text1141     00F75
__end_of_USBCtrlEPServiceComplete         text1143     01000
__end_of_USBCtrlTrfInHandler              text1153     00E79
__end_of_USBCtrlTrfOutHandler             text1150     00B93
__end_of_USBCtrlTrfRxService              text1151     0055C
__end_of_USBCtrlTrfSetupHandler           text1142     00BD3
__end_of_USBCtrlTrfTxService              text1154     0072F
__end_of_USBDeviceInit                    text1158     004AD
__end_of_USBDeviceTasks                   text1137     00160
__end_of_USBEnableEndpoint                text1172     00B63
__end_of_USBStallHandler                  text1140     00B37
__end_of_USBStdFeatureReqHandler          text1155     00298
__end_of_USBStdGetDscHandler              text1148     00EF6
__end_of_USBStdGetStatusHandler           text1149     00D23
__end_of_USBStdSetCfgHandler              text1146     007BD
__end_of_USBSuspend                       text1139     00AED
__end_of_USBTransferOnePacket             text1163     00CC5
__end_of_USBWakeFromSuspend               text1138     00AD3
__end_of_USB_CD_Ptr                       stringtext   00309
__end_of_USB_SD_Ptr                       stringtext   00307
__end_of_USER_USB_CALLBACK_EVENT_HANDLER  text1156     00C1D
__end_of_UserInit                         text1160     00ABA
__end_of__initialization                  cinit        00A8A
__end_of__stringtab                       stringtext   00301
__end_of_configDescriptor1                stringtext   003DE
__end_of_device_dsc                       stringtext   003F0
__end_of_hid_rpt01                        stringtext   00353
__end_of_main                             maintext     00A79
__end_of_memset                           text1147     00B0F
__end_of_sd000                            stringtext   003F4
__end_of_sd001                            stringtext   00387
__end_of_sd002                            stringtext   003B5
__initialization                          cinit        00A79
__pbssBANK0                               bssBANK0     00066
__pbssBANK1l                              bssBANK1l    000A7
__pbssCOMMON                              bssCOMMON    0007C
__pcstackBANK0                            cstackBANK0  00050
__pcstackCOMMON                           cstackCOMMON 00070
__pintentry                               intentry     00004
__pmaintext                               maintext     00A6B
__pnvBANK1l                               nvBANK1l     000E8
__pstringtext                             stringtext   00300
__pswtext1                                swtext1      00800
__ptext1137                               text1137     0000D
__ptext1138                               text1138     00ABA
__ptext1139                               text1139     00AD3
__ptext1140                               text1140     00B0F
__ptext1141                               text1141     00EF6
__ptext1142                               text1142     00B93
__ptext1143                               text1143     00F75
__ptext1144                               text1144     00C1D
__ptext1145                               text1145     00298
__ptext1146                               text1146     0072F
__ptext1147                               text1147     00AED
__ptext1148                               text1148     00E79
__ptext1149                               text1149     00CC5
__ptext1150                               text1150     00B63
__ptext1151                               text1151     004AD
__ptext1152                               text1152     00D23
__ptext1153                               text1153     00E03
__ptext1154                               text1154     0069D
__ptext1155                               text1155     00160
__ptext1156                               text1156     00BD3
__ptext1157                               text1157     00A5F
__ptext1158                               text1158     003F4
__ptext1159                               text1159     00A8D
__ptext1160                               text1160     00AA2
__ptext1161                               text1161     0055C
__ptext1162                               text1162     00D8E
__ptext1163                               text1163     00C6C
__ptext1164                               text1164     002FF
__ptext1165                               text1165     00003
__ptext1166                               text1166     00002
__ptext1167                               text1167     00A54
__ptext1168                               text1168     00A55
__ptext1169                               text1169     00600
__ptext1170                               text1170     00A53
__ptext1171                               text1171     002F6
__ptext1172                               text1172     00B37
__ptext1173                               text1173     007BD
__size_of_BlinkUSBStatus                  (abs)        00000
__size_of_ISRCode                         (abs)        00000
__size_of_InitializeSystem                (abs)        00000
__size_of_Joystick                        (abs)        00000
__size_of_ProcessIO                       (abs)        00000
__size_of_USBCBCheckOtherReq              (abs)        00000
__size_of_USBCBErrorHandler               (abs)        00000
__size_of_USBCBInitEP                     (abs)        00000
__size_of_USBCBStdSetDscHandler           (abs)        00000
__size_of_USBCBSuspend                    (abs)        00000
__size_of_USBCBWakeFromSuspend            (abs)        00000
__size_of_USBCB_SOF_Handler               (abs)        00000
__size_of_USBCheckHIDRequest              (abs)        00000
__size_of_USBCheckStdRequest              (abs)        00000
__size_of_USBConfigureEndpoint            (abs)        00000
__size_of_USBCtrlEPAllowDataStage         (abs)        00000
__size_of_USBCtrlEPAllowStatusStage       (abs)        00000
__size_of_USBCtrlEPService                (abs)        00000
__size_of_USBCtrlEPServiceComplete        (abs)        00000
__size_of_USBCtrlTrfInHandler             (abs)        00000
__size_of_USBCtrlTrfOutHandler            (abs)        00000
__size_of_USBCtrlTrfRxService             (abs)        00000
__size_of_USBCtrlTrfSetupHandler          (abs)        00000
__size_of_USBCtrlTrfTxService             (abs)        00000
__size_of_USBDeviceInit                   (abs)        00000
__size_of_USBDeviceTasks                  (abs)        00000
__size_of_USBEnableEndpoint               (abs)        00000
__size_of_USBStallHandler                 (abs)        00000
__size_of_USBStdFeatureReqHandler         (abs)        00000
__size_of_USBStdGetDscHandler             (abs)        00000
__size_of_USBStdGetStatusHandler          (abs)        00000
__size_of_USBStdSetCfgHandler             (abs)        00000
__size_of_USBSuspend                      (abs)        00000
__size_of_USBTransferOnePacket            (abs)        00000
__size_of_USBWakeFromSuspend              (abs)        00000
__size_of_USER_USB_CALLBACK_EVENT_HANDLER (abs)        00000
__size_of_UserInit                        (abs)        00000
__size_of_main                            (abs)        00000
__size_of_memset                          (abs)        00000
__stringtab                               stringtext   00300
_active_protocol                          bssBANK1l    000C7
_configDescriptor1                        stringtext   003B5
_controlTransferState                     bssBANK1l    000C0
_device_dsc                               stringtext   003DE
_endpoint_number                          bssBANK1l    000C1
_ep_data_in                               bssBANK1l    000B1
_ep_data_out                              bssBANK1l    000B3
_hid_report                               (abs)        000E0
_hid_rpt01                                stringtext   00309
_idle_rate                                bssBANK1l    000C8
_inPipes                                  bssBANK0     0006A
_joystick_input                           (abs)        000A0
_lastTransmission                         bssBANK1l    000C2
_main                                     maintext     00A6B
_memset                                   text1147     00AED
_old_sw2                                  nvBANK1l     000E8
_old_sw3                                  nvBANK1l     000E9
_outPipes                                 bssBANK1l    000A7
_pBDTEntryEP0OutCurrent                   bssBANK0     00069
_pBDTEntryEP0OutNext                      bssCOMMON    0007C
_pBDTEntryIn                              bssBANK0     00066
_pBDTEntryOut                             bssBANK1l    000B5
_pDst                                     bssBANK1l    000C3
_sd000                                    stringtext   003F0
_sd001                                    stringtext   00353
_sd002                                    stringtext   00387
_shortPacketStatus                        bssBANK1l    000C4
btemp                                     (abs)        0007E
clear_ram                                 clrtext      00A59
end_of_initialization                     cinit        00A8A
intlevel0                                 functab      00000
intlevel1                                 functab      00000
intlevel2                                 functab      00000
intlevel3                                 functab      00000
intlevel4                                 functab      00000
intlevel5                                 functab      00000
memset@c                                  cstackCOMMON 00071
memset@n                                  cstackCOMMON 00073
memset@p                                  cstackCOMMON 00077
memset@p1                                 cstackCOMMON 00076
reset_vec                                 reset_vec    00000
start                                     init         0000B
start_initialization                      cinit        00A79
wtemp0                                    (abs)        0007E


FUNCTION INFORMATION:

 *************** function _main *****************
 Defined at:
		line 577 in file "../main.c"
 Parameters:    Size  Location     Type
		None
 Auto vars:     Size  Location     Type
		None
 Return value:  Size  Location     Type
                  2  462[COMMON] int 
 Registers used:
		wreg, fsr0l, fsr0h, fsr1l, fsr1h, status,2, status,0, btemp+1, pclath, cstack
 Tracked objects:
		On entry : 
		On exit  : 
		Unchanged: 
 Data sizes:     COMMON   BANK0  BANK1h  BANK1l   BANK2   BANK3   BANK4   BANK5   BANK6   BANK7   BANK8   BANK9  BANK10  BANK11  BANK12
      Params:         0       0       0       0       0       0       0       0       0       0       0       0       0       0       0
      Locals:         0       0       0       0       0       0       0       0       0       0       0       0       0       0       0
      Temps:          0       0       0       0       0       0       0       0       0       0       0       0       0       0       0
      Totals:         0       0       0       0       0       0       0       0       0       0       0       0       0       0       0
Total ram usage:        0 bytes
 Hardware stack levels required when called:   10
 This function calls:
		_InitializeSystem
		_USBDeviceTasks
		_ProcessIO
 This function is called by:
		Startup code after reset
 This function uses a non-reentrant model


 *************** function _USBDeviceTasks *****************
 Defined at:
		line 669 in file "../../../../Microchip/USB/usb_device.c"
 Parameters:    Size  Location     Type
		None
 Auto vars:     Size  Location     Type
  i               1   21[BANK0 ] unsigned char 
 Return value:  Size  Location     Type
		None               void
 Registers used:
		wreg, fsr0l, fsr0h, fsr1l, fsr1h, status,2, status,0, btemp+1, pclath, cstack
 Tracked objects:
		On entry : 
		On exit  : 
		Unchanged: 
 Data sizes:     COMMON   BANK0  BANK1h  BANK1l   BANK2   BANK3   BANK4   BANK5   BANK6   BANK7   BANK8   BANK9  BANK10  BANK11  BANK12
      Params:         0       0       0       0       0       0       0       0       0       0       0       0       0       0       0
      Locals:         0       1       0       0       0       0       0       0       0       0       0       0       0       0       0
      Temps:          0       2       0       0       0       0       0       0       0       0       0       0       0       0       0
      Totals:         0       3       0       0       0       0       0       0       0       0       0       0       0       0       0
Total ram usage:        3 bytes
 Hardware stack levels used:    1
 Hardware stack levels required when called:    9
 This function calls:
		_USBWakeFromSuspend
		_USBDeviceInit
		_USBSuspend
		_USER_USB_CALLBACK_EVENT_HANDLER
		_USBCtrlEPAllowStatusStage
		_USBStallHandler
		_USBCtrlEPService
 This function is called by:
		_main
 This function uses a non-reentrant model


 *************** function _USBWakeFromSuspend *****************
 Defined at:
		line 2456 in file "../../../../Microchip/USB/usb_device.c"
 Parameters:    Size  Location     Type
		None
 Auto vars:     Size  Location     Type
		None
 Return value:  Size  Location     Type
		None               void
 Registers used:
		wreg, fsr0l, fsr0h, fsr1l, fsr1h, status,2, status,0, btemp+1, pclath, cstack
 Tracked objects:
		On entry : 
		On exit  : 
		Unchanged: 
 Data sizes:     COMMON   BANK0  BANK1h  BANK1l   BANK2   BANK3   BANK4   BANK5   BANK6   BANK7   BANK8   BANK9  BANK10  BANK11  BANK12
      Params:         0       0       0       0       0       0       0       0       0       0       0       0       0       0       0
      Locals:         0       0       0       0       0       0       0       0       0       0       0       0       0       0       0
      Temps:          0       1       0       0       0       0       0       0       0       0       0       0       0       0       0
      Totals:         0       1       0       0       0       0       0       0       0       0       0       0       0       0       0
Total ram usage:        1 bytes
 Hardware stack levels used:    1
 Hardware stack levels required when called:    5
 This function calls:
		_USER_USB_CALLBACK_EVENT_HANDLER
 This function is called by:
		_USBDeviceTasks
 This function uses a non-reentrant model


 *************** function _USBSuspend *****************
 Defined at:
		line 2399 in file "../../../../Microchip/USB/usb_device.c"
 Parameters:    Size  Location     Type
		None
 Auto vars:     Size  Location     Type
		None
 Return value:  Size  Location     Type
		None               void
 Registers used:
		wreg, fsr0l, fsr0h, fsr1l, fsr1h, status,2, status,0, btemp+1, pclath, cstack
 Tracked objects:
		On entry : 
		On exit  : 
		Unchanged: 
 Data sizes:     COMMON   BANK0  BANK1h  BANK1l   BANK2   BANK3   BANK4   BANK5   BANK6   BANK7   BANK8   BANK9  BANK10  BANK11  BANK12
      Params:         0       0       0       0       0       0       0       0       0       0       0       0       0       0       0
      Locals:         0       0       0       0       0       0       0       0       0       0       0       0       0       0       0
      Temps:          0       1       0       0       0       0       0       0       0       0       0       0       0       0       0
      Totals:         0       1       0       0       0       0       0       0       0       0       0       0       0       0       0
Total ram usage:        1 bytes
 Hardware stack levels used:    1
 Hardware stack levels required when called:    5
 This function calls:
		_USER_USB_CALLBACK_EVENT_HANDLER
 This function is called by:
		_USBDeviceTasks
 This function uses a non-reentrant model


 *************** function _USBStallHandler *****************
 Defined at:
		line 2356 in file "../../../../Microchip/USB/usb_device.c"
 Parameters:    Size  Location     Type
		None
 Auto vars:     Size  Location     Type
		None
 Return value:  Size  Location     Type
		None               void
 Registers used:
		wreg, fsr1l, fsr1h, status,2, status,0
 Tracked objects:
		On entry : 
		On exit  : 
		Unchanged: 
 Data sizes:     COMMON   BANK0  BANK1h  BANK1l   BANK2   BANK3   BANK4   BANK5   BANK6   BANK7   BANK8   BANK9  BANK10  BANK11  BANK12
      Params:         0       0       0       0       0       0       0       0       0       0       0       0       0       0       0
      Locals:         0       0       0       0       0       0       0       0       0       0       0       0       0       0       0
      Temps:          1       0       0       0       0       0       0       0       0       0       0       0       0       0       0
      Totals:         1       0       0       0       0       0       0       0       0       0       0       0       0       0       0
Total ram usage:        1 bytes
 Hardware stack levels used:    1
 Hardware stack levels required when called:    1
 This function calls:
		Nothing
 This function is called by:
		_USBDeviceTasks
 This function uses a non-reentrant model


 *************** function _USBCtrlEPService *****************
 Defined at:
		line 2523 in file "../../../../Microchip/USB/usb_device.c"
 Parameters:    Size  Location     Type
		None
 Auto vars:     Size  Location     Type
  setup_cnt       1   18[BANK0 ] unsigned char 
 Return value:  Size  Location     Type
		None               void
 Registers used:
		wreg, fsr0l, fsr0h, fsr1l, fsr1h, status,2, status,0, btemp+1, pclath, cstack
 Tracked objects:
		On entry : 
		On exit  : 
		Unchanged: 
 Data sizes:     COMMON   BANK0  BANK1h  BANK1l   BANK2   BANK3   BANK4   BANK5   BANK6   BANK7   BANK8   BANK9  BANK10  BANK11  BANK12
      Params:         0       0       0       0       0       0       0       0       0       0       0       0       0       0       0
      Locals:         0       1       0       0       0       0       0       0       0       0       0       0       0       0       0
      Temps:          0       2       0       0       0       0       0       0       0       0       0       0       0       0       0
      Totals:         0       3       0       0       0       0       0       0       0       0       0       0       0       0       0
Total ram usage:        3 bytes
 Hardware stack levels used:    1
 Hardware stack levels required when called:    8
 This function calls:
		_USBCtrlTrfSetupHandler
		_USBCtrlTrfOutHandler
		_USBCtrlTrfInHandler
 This function is called by:
		_USBDeviceTasks
 This function uses a non-reentrant model


 *************** function _USBCtrlTrfSetupHandler *****************
 Defined at:
		line 2623 in file "../../../../Microchip/USB/usb_device.c"
 Parameters:    Size  Location     Type
		None
 Auto vars:     Size  Location     Type
		None
 Return value:  Size  Location     Type
		None               void
 Registers used:
		wreg, fsr0l, fsr0h, fsr1l, fsr1h, status,2, status,0, btemp+1, pclath, cstack
 Tracked objects:
		On entry : 
		On exit  : 
		Unchanged: 
 Data sizes:     COMMON   BANK0  BANK1h  BANK1l   BANK2   BANK3   BANK4   BANK5   BANK6   BANK7   BANK8   BANK9  BANK10  BANK11  BANK12
      Params:         0       0       0       0       0       0       0       0       0       0       0       0       0       0       0
      Locals:         0       0       0       0       0       0       0       0       0       0       0       0       0       0       0
      Temps:          0       1       0       0       0       0       0       0       0       0       0       0       0       0       0
      Totals:         0       1       0       0       0       0       0       0       0       0       0       0       0       0       0
Total ram usage:        1 bytes
 Hardware stack levels used:    1
 Hardware stack levels required when called:    7
 This function calls:
		_USBCheckStdRequest
		_USER_USB_CALLBACK_EVENT_HANDLER
		_USBCtrlEPServiceComplete
 This function is called by:
		_USBCtrlEPService
 This function uses a non-reentrant model


 *************** function _USBCtrlEPServiceComplete *****************
 Defined at:
		line 1786 in file "../../../../Microchip/USB/usb_device.c"
 Parameters:    Size  Location     Type
		None
 Auto vars:     Size  Location     Type
		None
 Return value:  Size  Location     Type
		None               void
 Registers used:
		wreg, fsr0l, fsr0h, fsr1l, fsr1h, status,2, status,0, pclath, cstack
 Tracked objects:
		On entry : 
		On exit  : 
		Unchanged: 
 Data sizes:     COMMON   BANK0  BANK1h  BANK1l   BANK2   BANK3   BANK4   BANK5   BANK6   BANK7   BANK8   BANK9  BANK10  BANK11  BANK12
      Params:         0       0       0       0       0       0       0       0       0       0       0       0       0       0       0
      Locals:         0       0       0       0       0       0       0       0       0       0       0       0       0       0       0
      Temps:          2       0       0       0       0       0       0       0       0       0       0       0       0       0       0
      Totals:         2       0       0       0       0       0       0       0       0       0       0       0       0       0       0
Total ram usage:        2 bytes
 Hardware stack levels used:    1
 Hardware stack levels required when called:    3
 This function calls:
		_USBCtrlEPAllowDataStage
		_USBCtrlEPAllowStatusStage
 This function is called by:
		_USBCtrlTrfSetupHandler
 This function uses a non-reentrant model


 *************** function _USBCtrlEPAllowDataStage *****************
 Defined at:
		line 1660 in file "../../../../Microchip/USB/usb_device.c"
 Parameters:    Size  Location     Type
		None
 Auto vars:     Size  Location     Type
		None
 Return value:  Size  Location     Type
		None               void
 Registers used:
		wreg, fsr0l, fsr0h, fsr1l, fsr1h, status,2, status,0, pclath, cstack
 Tracked objects:
		On entry : 
		On exit  : 
		Unchanged: 
 Data sizes:     COMMON   BANK0  BANK1h  BANK1l   BANK2   BANK3   BANK4   BANK5   BANK6   BANK7   BANK8   BANK9  BANK10  BANK11  BANK12
      Params:         0       0       0       0       0       0       0       0       0       0       0       0       0       0       0
      Locals:         0       0       0       0       0       0       0       0       0       0       0       0       0       0       0
      Temps:          2       0       0       0       0       0       0       0       0       0       0       0       0       0       0
      Totals:         2       0       0       0       0       0       0       0       0       0       0       0       0       0       0
Total ram usage:        2 bytes
 Hardware stack levels used:    1
 Hardware stack levels required when called:    2
 This function calls:
		_USBCtrlTrfTxService
 This function is called by:
		_USBCtrlEPServiceComplete
 This function uses a non-reentrant model


 *************** function _USBCheckStdRequest *****************
 Defined at:
		line 2839 in file "../../../../Microchip/USB/usb_device.c"
 Parameters:    Size  Location     Type
		None
 Auto vars:     Size  Location     Type
		None
 Return value:  Size  Location     Type
		None               void
 Registers used:
		wreg, fsr0l, fsr0h, fsr1l, fsr1h, status,2, status,0, btemp+1, pclath, cstack
 Tracked objects:
		On entry : 
		On exit  : 
		Unchanged: 
 Data sizes:     COMMON   BANK0  BANK1h  BANK1l   BANK2   BANK3   BANK4   BANK5   BANK6   BANK7   BANK8   BANK9  BANK10  BANK11  BANK12
      Params:         0       0       0       0       0       0       0       0       0       0       0       0       0       0       0
      Locals:         0       0       0       0       0       0       0       0       0       0       0       0       0       0       0
      Temps:          0       1       0       0       0       0       0       0       0       0       0       0       0       0       0
      Totals:         0       1       0       0       0       0       0       0       0       0       0       0       0       0       0
Total ram usage:        1 bytes
 Hardware stack levels used:    1
 Hardware stack levels required when called:    6
 This function calls:
		_USBStdGetDscHandler
		_USBStdSetCfgHandler
		_USBStdGetStatusHandler
		_USBStdFeatureReqHandler
		_USER_USB_CALLBACK_EVENT_HANDLER
 This function is called by:
		_USBCtrlTrfSetupHandler
 This function uses a non-reentrant model


 *************** function _USBStdSetCfgHandler *****************
 Defined at:
		line 2132 in file "../../../../Microchip/USB/usb_device.c"
 Parameters:    Size  Location     Type
		None
 Auto vars:     Size  Location     Type
  p               2    9[BANK0 ] PTR unsigned char 
		 -> UEP1(1), 
  i               1   11[BANK0 ] unsigned char 
  i               1   12[BANK0 ] unsigned char 
 Return value:  Size  Location     Type
		None               void
 Registers used:
		wreg, fsr0l, fsr0h, fsr1l, fsr1h, status,2, status,0, btemp+1, pclath, cstack
 Tracked objects:
		On entry : 
		On exit  : 
		Unchanged: 
 Data sizes:     COMMON   BANK0  BANK1h  BANK1l   BANK2   BANK3   BANK4   BANK5   BANK6   BANK7   BANK8   BANK9  BANK10  BANK11  BANK12
      Params:         0       0       0       0       0       0       0       0       0       0       0       0       0       0       0
      Locals:         0       4       0       0       0       0       0       0       0       0       0       0       0       0       0
      Temps:          0       1       0       0       0       0       0       0       0       0       0       0       0       0       0
      Totals:         0       5       0       0       0       0       0       0       0       0       0       0       0       0       0
Total ram usage:        5 bytes
 Hardware stack levels used:    1
 Hardware stack levels required when called:    5
 This function calls:
		_memset
		_USER_USB_CALLBACK_EVENT_HANDLER
 This function is called by:
		_USBCheckStdRequest
 This function uses a non-reentrant model


 *************** function _memset *****************
 Defined at:
		line 10 in file "../../common/memset.c"
 Parameters:    Size  Location     Type
  p1              1    wreg     PTR void 
		 -> USBAlternateInterface(1), BDT(32), 
  c               2    1[COMMON] int 
  n               2    3[COMMON] unsigned int 
 Auto vars:     Size  Location     Type
  p1              1    6[COMMON] PTR void 
		 -> USBAlternateInterface(1), BDT(32), 
  p               1    7[COMMON] PTR unsigned char 
		 -> USBAlternateInterface(1), BDT(32), 
 Return value:  Size  Location     Type
                  1    wreg      PTR void 
 Registers used:
		wreg, fsr1l, fsr1h, status,2, status,0
 Tracked objects:
		On entry : 
		On exit  : 
		Unchanged: 
 Data sizes:     COMMON   BANK0  BANK1h  BANK1l   BANK2   BANK3   BANK4   BANK5   BANK6   BANK7   BANK8   BANK9  BANK10  BANK11  BANK12
      Params:         4       0       0       0       0       0       0       0       0       0       0       0       0       0       0
      Locals:         2       0       0       0       0       0       0       0       0       0       0       0       0       0       0
      Temps:          1       0       0       0       0       0       0       0       0       0       0       0       0       0       0
      Totals:         7       0       0       0       0       0       0       0       0       0       0       0       0       0       0
Total ram usage:        7 bytes
 Hardware stack levels used:    1
 Hardware stack levels required when called:    1
 This function calls:
		Nothing
 This function is called by:
		_USBStdSetCfgHandler
 This function uses a non-reentrant model


 *************** function _USBStdGetDscHandler *****************
 Defined at:
		line 2207 in file "../../../../Microchip/USB/usb_device.c"
 Parameters:    Size  Location     Type
		None
 Auto vars:     Size  Location     Type
		None
 Return value:  Size  Location     Type
		None               void
 Registers used:
		wreg, fsr0l, fsr0h, status,2, status,0, pclath
 Tracked objects:
		On entry : 
		On exit  : 
		Unchanged: 
 Data sizes:     COMMON   BANK0  BANK1h  BANK1l   BANK2   BANK3   BANK4   BANK5   BANK6   BANK7   BANK8   BANK9  BANK10  BANK11  BANK12
      Params:         0       0       0       0       0       0       0       0       0       0       0       0       0       0       0
      Locals:         0       0       0       0       0       0       0       0       0       0       0       0       0       0       0
      Temps:          3       0       0       0       0       0       0       0       0       0       0       0       0       0       0
      Totals:         3       0       0       0       0       0       0       0       0       0       0       0       0       0       0
Total ram usage:        3 bytes
 Hardware stack levels used:    1
 Hardware stack levels required when called:    1
 This function calls:
		Nothing
 This function is called by:
		_USBCheckStdRequest
 This function uses a non-reentrant model


 *************** function _USBStdGetStatusHandler *****************
 Defined at:
		line 2283 in file "../../../../Microchip/USB/usb_device.c"
 Parameters:    Size  Location     Type
		None
 Auto vars:     Size  Location     Type
  p               1    2[COMMON] PTR struct __BDT
		 -> NULL(0), BDT(32), 
 Return value:  Size  Location     Type
		None               void
 Registers used:
		wreg, fsr0l, fsr0h, fsr1l, fsr1h, status,2, status,0
 Tracked objects:
		On entry : 
		On exit  : 
		Unchanged: 
 Data sizes:     COMMON   BANK0  BANK1h  BANK1l   BANK2   BANK3   BANK4   BANK5   BANK6   BANK7   BANK8   BANK9  BANK10  BANK11  BANK12
      Params:         0       0       0       0       0       0       0       0       0       0       0       0       0       0       0
      Locals:         1       0       0       0       0       0       0       0       0       0       0       0       0       0       0
      Temps:          1       0       0       0       0       0       0       0       0       0       0       0       0       0       0
      Totals:         2       0       0       0       0       0       0       0       0       0       0       0       0       0       0
Total ram usage:        2 bytes
 Hardware stack levels used:    1
 Hardware stack levels required when called:    1
 This function calls:
		Nothing
 This function is called by:
		_USBCheckStdRequest
 This function uses a non-reentrant model


 *************** function _USBCtrlTrfOutHandler *****************
 Defined at:
		line 2695 in file "../../../../Microchip/USB/usb_device.c"
 Parameters:    Size  Location     Type
		None
 Auto vars:     Size  Location     Type
		None
 Return value:  Size  Location     Type
		None               void
 Registers used:
		wreg, fsr1l, fsr1h, status,2, status,0, pclath, cstack
 Tracked objects:
		On entry : 
		On exit  : 
		Unchanged: 
 Data sizes:     COMMON   BANK0  BANK1h  BANK1l   BANK2   BANK3   BANK4   BANK5   BANK6   BANK7   BANK8   BANK9  BANK10  BANK11  BANK12
      Params:         0       0       0       0       0       0       0       0       0       0       0       0       0       0       0
      Locals:         0       0       0       0       0       0       0       0       0       0       0       0       0       0       0
      Temps:          2       0       0       0       0       0       0       0       0       0       0       0       0       0       0
      Totals:         2       0       0       0       0       0       0       0       0       0       0       0       0       0       0
Total ram usage:        2 bytes
 Hardware stack levels used:    1
 Hardware stack levels required when called:    3
 This function calls:
		_USBCtrlTrfRxService
 This function is called by:
		_USBCtrlEPService
 This function uses a non-reentrant model


 *************** function _USBCtrlTrfRxService *****************
 Defined at:
		line 2019 in file "../../../../Microchip/USB/usb_device.c"
 Parameters:    Size  Location     Type
		None
 Auto vars:     Size  Location     Type
  byteToRead      1    6[COMMON] unsigned char 
  i               1    5[COMMON] unsigned char 
 Return value:  Size  Location     Type
		None               void
 Registers used:
		wreg, fsr1l, fsr1h, status,2, status,0, pclath, cstack
 Tracked objects:
		On entry : 
		On exit  : 
		Unchanged: 
 Data sizes:     COMMON   BANK0  BANK1h  BANK1l   BANK2   BANK3   BANK4   BANK5   BANK6   BANK7   BANK8   BANK9  BANK10  BANK11  BANK12
      Params:         0       0       0       0       0       0       0       0       0       0       0       0       0       0       0
      Locals:         2       0       0       0       0       0       0       0       0       0       0       0       0       0       0
      Temps:          2       0       0       0       0       0       0       0       0       0       0       0       0       0       0
      Totals:         4       0       0       0       0       0       0       0       0       0       0       0       0       0       0
Total ram usage:        4 bytes
 Hardware stack levels used:    1
 Hardware stack levels required when called:    2
 This function calls:
		_USBCtrlEPAllowStatusStage
 This function is called by:
		_USBCtrlTrfOutHandler
 This function uses a non-reentrant model


 *************** function _USBCtrlEPAllowStatusStage *****************
 Defined at:
		line 1590 in file "../../../../Microchip/USB/usb_device.c"
 Parameters:    Size  Location     Type
		None
 Auto vars:     Size  Location     Type
		None
 Return value:  Size  Location     Type
		None               void
 Registers used:
		wreg, fsr1l, fsr1h, status,2, status,0
 Tracked objects:
		On entry : 
		On exit  : 
		Unchanged: 
 Data sizes:     COMMON   BANK0  BANK1h  BANK1l   BANK2   BANK3   BANK4   BANK5   BANK6   BANK7   BANK8   BANK9  BANK10  BANK11  BANK12
      Params:         0       0       0       0       0       0       0       0       0       0       0       0       0       0       0
      Locals:         0       0       0       0       0       0       0       0       0       0       0       0       0       0       0
      Temps:          2       0       0       0       0       0       0       0       0       0       0       0       0       0       0
      Totals:         2       0       0       0       0       0       0       0       0       0       0       0       0       0       0
Total ram usage:        2 bytes
 Hardware stack levels used:    1
 Hardware stack levels required when called:    1
 This function calls:
		Nothing
 This function is called by:
		_USBDeviceTasks
		_USBCtrlEPServiceComplete
		_USBCtrlTrfRxService
 This function uses a non-reentrant model


 *************** function _USBCtrlTrfInHandler *****************
 Defined at:
		line 2748 in file "../../../../Microchip/USB/usb_device.c"
 Parameters:    Size  Location     Type
		None
 Auto vars:     Size  Location     Type
  lastDTS         1    6[COMMON] unsigned char 
 Return value:  Size  Location     Type
		None               void
 Registers used:
		wreg, fsr0l, fsr0h, fsr1l, fsr1h, status,2, status,0, pclath, cstack
 Tracked objects:
		On entry : 
		On exit  : 
		Unchanged: 
 Data sizes:     COMMON   BANK0  BANK1h  BANK1l   BANK2   BANK3   BANK4   BANK5   BANK6   BANK7   BANK8   BANK9  BANK10  BANK11  BANK12
      Params:         0       0       0       0       0       0       0       0       0       0       0       0       0       0       0
      Locals:         1       0       0       0       0       0       0       0       0       0       0       0       0       0       0
      Temps:          2       0       0       0       0       0       0       0       0       0       0       0       0       0       0
      Totals:         3       0       0       0       0       0       0       0       0       0       0       0       0       0       0
Total ram usage:        3 bytes
 Hardware stack levels used:    1
 Hardware stack levels required when called:    2
 This function calls:
		_USBCtrlTrfTxService
 This function is called by:
		_USBCtrlEPService
 This function uses a non-reentrant model


 *************** function _USBCtrlTrfTxService *****************
 Defined at:
		line 1938 in file "../../../../Microchip/USB/usb_device.c"
 Parameters:    Size  Location     Type
		None
 Auto vars:     Size  Location     Type
  byteToSend      1    3[COMMON] unsigned char 
 Return value:  Size  Location     Type
		None               void
 Registers used:
		wreg, fsr0l, fsr0h, fsr1l, fsr1h, status,2, status,0, pclath
 Tracked objects:
		On entry : 
		On exit  : 
		Unchanged: 
 Data sizes:     COMMON   BANK0  BANK1h  BANK1l   BANK2   BANK3   BANK4   BANK5   BANK6   BANK7   BANK8   BANK9  BANK10  BANK11  BANK12
      Params:         0       0       0       0       0       0       0       0       0       0       0       0       0       0       0
      Locals:         1       0       0       0       0       0       0       0       0       0       0       0       0       0       0
      Temps:          2       0       0       0       0       0       0       0       0       0       0       0       0       0       0
      Totals:         3       0       0       0       0       0       0       0       0       0       0       0       0       0       0
Total ram usage:        3 bytes
 Hardware stack levels used:    1
 Hardware stack levels required when called:    1
 This function calls:
		Nothing
 This function is called by:
		_USBCtrlEPAllowDataStage
		_USBCtrlTrfInHandler
 This function uses a non-reentrant model


 *************** function _USBStdFeatureReqHandler *****************
 Defined at:
		line 2907 in file "../../../../Microchip/USB/usb_device.c"
[...]
      Locals:         0       2       0       0       0       0       0       0       0       0       0       0       0       0       0
      Temps:          3       0       0       0       0       0       0       0       0       0       0       0       0       0       0
      Totals:         3       2       0       0       0       0       0       0       0       0       0       0       0       0       0
Total ram usage:        5 bytes
 Hardware stack levels used:    1
 Hardware stack levels required when called:    2
 This function calls:
		_USBTransferOnePacket
 This function is called by:
		_ProcessIO
 This function uses a non-reentrant model


 *************** function _USBTransferOnePacket *****************
 Defined at:
		line 1173 in file "../../../../Microchip/USB/usb_device.c"
 Parameters:    Size  Location     Type
  ep              1    wreg     unsigned char 
  dir             1    1[COMMON] unsigned char 
  data            1    2[COMMON] PTR unsigned char 
		 -> joystick_input(7), 
  len             1    3[COMMON] unsigned char 
 Auto vars:     Size  Location     Type
  ep              1    6[COMMON] unsigned char 
  handle          1    7[COMMON] PTR volatile struct __BD
		 -> NULL(0), BDT(32), 
 Return value:  Size  Location     Type
                  1    wreg      PTR void 
 Registers used:
		wreg, fsr1l, fsr1h, status,2, status,0
 Tracked objects:
		On entry : 
		On exit  : 
		Unchanged: 
 Data sizes:     COMMON   BANK0  BANK1h  BANK1l   BANK2   BANK3   BANK4   BANK5   BANK6   BANK7   BANK8   BANK9  BANK10  BANK11  BANK12
      Params:         3       0       0       0       0       0       0       0       0       0       0       0       0       0       0
      Locals:         2       0       0       0       0       0       0       0       0       0       0       0       0       0       0
      Temps:          2       0       0       0       0       0       0       0       0       0       0       0       0       0       0
      Totals:         7       0       0       0       0       0       0       0       0       0       0       0       0       0       0
Total ram usage:        7 bytes
 Hardware stack levels used:    1
 Hardware stack levels required when called:    1
 This function calls:
		Nothing
 This function is called by:
		_Joystick
 This function uses a non-reentrant model


 *************** function _USBCBSuspend *****************
 Defined at:
		line 1246 in file "../main.c"
 Parameters:    Size  Location     Type
		None
 Auto vars:     Size  Location     Type
		None
 Return value:  Size  Location     Type
		None               void
 Registers used:
		None
 Tracked objects:
		On entry : 
		On exit  : 
		Unchanged: 
 Data sizes:     COMMON   BANK0  BANK1h  BANK1l   BANK2   BANK3   BANK4   BANK5   BANK6   BANK7   BANK8   BANK9  BANK10  BANK11  BANK12
      Params:         0       0       0       0       0       0       0       0       0       0       0       0       0       0       0
      Locals:         0       0       0       0       0       0       0       0       0       0       0       0       0       0       0
      Temps:          0       0       0       0       0       0       0       0       0       0       0       0       0       0       0
      Totals:         0       0       0       0       0       0       0       0       0       0       0       0       0       0       0
Total ram usage:        0 bytes
 Hardware stack levels used:    1
 Hardware stack levels required when called:    1
 This function calls:
		Nothing
 This function is called by:
		_USER_USB_CALLBACK_EVENT_HANDLER
 This function uses a non-reentrant model


 *************** function _USBCBWakeFromSuspend *****************
 Defined at:
		line 1309 in file "../main.c"
 Parameters:    Size  Location     Type
		None
 Auto vars:     Size  Location     Type
		None
 Return value:  Size  Location     Type
		None               void
 Registers used:
		None
 Tracked objects:
		On entry : 
		On exit  : 
		Unchanged: 
 Data sizes:     COMMON   BANK0  BANK1h  BANK1l   BANK2   BANK3   BANK4   BANK5   BANK6   BANK7   BANK8   BANK9  BANK10  BANK11  BANK12
      Params:         0       0       0       0       0       0       0       0       0       0       0       0       0       0       0
      Locals:         0       0       0       0       0       0       0       0       0       0       0       0       0       0       0
      Temps:          0       0       0       0       0       0       0       0       0       0       0       0       0       0       0
      Totals:         0       0       0       0       0       0       0       0       0       0       0       0       0       0       0
Total ram usage:        0 bytes
 Hardware stack levels used:    1
 Hardware stack levels required when called:    1
 This function calls:
		Nothing
 This function is called by:
		_USER_USB_CALLBACK_EVENT_HANDLER
		_USBCBSendResume
 This function uses a non-reentrant model


 *************** function _USBCB_SOF_Handler *****************
 Defined at:
		line 1365 in file "../main.c"
 Parameters:    Size  Location     Type
		None
 Auto vars:     Size  Location     Type
		None
 Return value:  Size  Location     Type
		None               void
 Registers used:
		None
 Tracked objects:
		On entry : 
		On exit  : 
		Unchanged: 
 Data sizes:     COMMON   BANK0  BANK1h  BANK1l   BANK2   BANK3   BANK4   BANK5   BANK6   BANK7   BANK8   BANK9  BANK10  BANK11  BANK12
      Params:         0       0       0       0       0       0       0       0       0       0       0       0       0       0       0
      Locals:         0       0       0       0       0       0       0       0       0       0       0       0       0       0       0
      Temps:          0       0       0       0       0       0       0       0       0       0       0       0       0       0       0
      Totals:         0       0       0       0       0       0       0       0       0       0       0       0       0       0       0
Total ram usage:        0 bytes
 Hardware stack levels used:    1
 Hardware stack levels required when called:    1
 This function calls:
		Nothing
 This function is called by:
		_USER_USB_CALLBACK_EVENT_HANDLER
 This function uses a non-reentrant model


 *************** function _USBCBErrorHandler *****************
 Defined at:
		line 1388 in file "../main.c"
 Parameters:    Size  Location     Type
		None
 Auto vars:     Size  Location     Type
		None
 Return value:  Size  Location     Type
		None               void
 Registers used:
		None
 Tracked objects:
		On entry : 
		On exit  : 
		Unchanged: 
 Data sizes:     COMMON   BANK0  BANK1h  BANK1l   BANK2   BANK3   BANK4   BANK5   BANK6   BANK7   BANK8   BANK9  BANK10  BANK11  BANK12
      Params:         0       0       0       0       0       0       0       0       0       0       0       0       0       0       0
      Locals:         0       0       0       0       0       0       0       0       0       0       0       0       0       0       0
      Temps:          0       0       0       0       0       0       0       0       0       0       0       0       0       0       0
      Totals:         0       0       0       0       0       0       0       0       0       0       0       0       0       0       0
Total ram usage:        0 bytes
 Hardware stack levels used:    1
 Hardware stack levels required when called:    1
 This function calls:
		Nothing
 This function is called by:
		_USER_USB_CALLBACK_EVENT_HANDLER
 This function uses a non-reentrant model


 *************** function _USBCBCheckOtherReq *****************
 Defined at:
		line 1439 in file "../main.c"
 Parameters:    Size  Location     Type
		None
 Auto vars:     Size  Location     Type
		None
 Return value:  Size  Location     Type
		None               void
 Registers used:
		wreg, fsr0l, fsr0h, status,2, status,0, pclath, cstack
 Tracked objects:
		On entry : 
		On exit  : 
		Unchanged: 
 Data sizes:     COMMON   BANK0  BANK1h  BANK1l   BANK2   BANK3   BANK4   BANK5   BANK6   BANK7   BANK8   BANK9  BANK10  BANK11  BANK12
      Params:         0       0       0       0       0       0       0       0       0       0       0       0       0       0       0
      Locals:         0       0       0       0       0       0       0       0       0       0       0       0       0       0       0
      Temps:          0       0       0       0       0       0       0       0       0       0       0       0       0       0       0
      Totals:         0       0       0       0       0       0       0       0       0       0       0       0       0       0       0
Total ram usage:        0 bytes
 Hardware stack levels used:    1
 Hardware stack levels required when called:    2
 This function calls:
		_USBCheckHIDRequest
 This function is called by:
		_USER_USB_CALLBACK_EVENT_HANDLER
 This function uses a non-reentrant model


 *************** function _USBCheckHIDRequest *****************
 Defined at:
		line 176 in file "../../../../Microchip/USB/HID Device Driver/usb_function_hid.c"
 Parameters:    Size  Location     Type
		None
 Auto vars:     Size  Location     Type
		None
 Return value:  Size  Location     Type
		None               void
 Registers used:
		wreg, fsr0l, fsr0h, status,2, status,0
 Tracked objects:
		On entry : 
		On exit  : 
		Unchanged: 
 Data sizes:     COMMON   BANK0  BANK1h  BANK1l   BANK2   BANK3   BANK4   BANK5   BANK6   BANK7   BANK8   BANK9  BANK10  BANK11  BANK12
      Params:         0       0       0       0       0       0       0       0       0       0       0       0       0       0       0
      Locals:         0       0       0       0       0       0       0       0       0       0       0       0       0       0       0
      Temps:          1       0       0       0       0       0       0       0       0       0       0       0       0       0       0
      Totals:         1       0       0       0       0       0       0       0       0       0       0       0       0       0       0
Total ram usage:        1 bytes
 Hardware stack levels used:    1
 Hardware stack levels required when called:    1
 This function calls:
		Nothing
 This function is called by:
		_USBCBCheckOtherReq
 This function uses a non-reentrant model


 *************** function _USBCBStdSetDscHandler *****************
 Defined at:
		line 1464 in file "../main.c"
 Parameters:    Size  Location     Type
		None
 Auto vars:     Size  Location     Type
		None
 Return value:  Size  Location     Type
		None               void
 Registers used:
		None
 Tracked objects:
		On entry : 
		On exit  : 
		Unchanged: 
 Data sizes:     COMMON   BANK0  BANK1h  BANK1l   BANK2   BANK3   BANK4   BANK5   BANK6   BANK7   BANK8   BANK9  BANK10  BANK11  BANK12
      Params:         0       0       0       0       0       0       0       0       0       0       0       0       0       0       0
      Locals:         0       0       0       0       0       0       0       0       0       0       0       0       0       0       0
      Temps:          0       0       0       0       0       0       0       0       0       0       0       0       0       0       0
      Totals:         0       0       0       0       0       0       0       0       0       0       0       0       0       0       0
Total ram usage:        0 bytes
 Hardware stack levels used:    1
 Hardware stack levels required when called:    1
 This function calls:
		Nothing
 This function is called by:
		_USER_USB_CALLBACK_EVENT_HANDLER
 This function uses a non-reentrant model


 *************** function _USBCBInitEP *****************
 Defined at:
		line 1490 in file "../main.c"
 Parameters:    Size  Location     Type
		None
 Auto vars:     Size  Location     Type
		None
 Return value:  Size  Location     Type
		None               void
 Registers used:
		wreg, fsr1l, fsr1h, status,2, status,0, pclath, cstack
 Tracked objects:
		On entry : 
		On exit  : 
		Unchanged: 
 Data sizes:     COMMON   BANK0  BANK1h  BANK1l   BANK2   BANK3   BANK4   BANK5   BANK6   BANK7   BANK8   BANK9  BANK10  BANK11  BANK12
      Params:         0       0       0       0       0       0       0       0       0       0       0       0       0       0       0
      Locals:         0       0       0       0       0       0       0       0       0       0       0       0       0       0       0
      Temps:          1       0       0       0       0       0       0       0       0       0       0       0       0       0       0
      Totals:         1       0       0       0       0       0       0       0       0       0       0       0       0       0       0
Total ram usage:        1 bytes
 Hardware stack levels used:    1
 Hardware stack levels required when called:    3
 This function calls:
		_USBEnableEndpoint
 This function is called by:
		_USER_USB_CALLBACK_EVENT_HANDLER
 This function uses a non-reentrant model


 *************** function _USBEnableEndpoint *****************
 Defined at:
		line 1056 in file "../../../../Microchip/USB/usb_device.c"
 Parameters:    Size  Location     Type
  ep              1    wreg     unsigned char 
  options         1    8[COMMON] unsigned char 
 Auto vars:     Size  Location     Type
  ep              1    2[BANK0 ] unsigned char 
  p               2    0[BANK0 ] PTR unsigned char 
		 -> UEP0(1), 
 Return value:  Size  Location     Type
		None               void
 Registers used:
		wreg, fsr1l, fsr1h, status,2, status,0, pclath, cstack
 Tracked objects:
		On entry : 
		On exit  : 
		Unchanged: 
 Data sizes:     COMMON   BANK0  BANK1h  BANK1l   BANK2   BANK3   BANK4   BANK5   BANK6   BANK7   BANK8   BANK9  BANK10  BANK11  BANK12
      Params:         1       0       0       0       0       0       0       0       0       0       0       0       0       0       0
      Locals:         0       3       0       0       0       0       0       0       0       0       0       0       0       0       0
      Temps:          2       0       0       0       0       0       0       0       0       0       0       0       0       0       0
      Totals:         3       3       0       0       0       0       0       0       0       0       0       0       0       0       0
Total ram usage:        6 bytes
 Hardware stack levels used:    1
 Hardware stack levels required when called:    2
 This function calls:
		_USBConfigureEndpoint
 This function is called by:
		_USBCBInitEP
 This function uses a non-reentrant model


 *************** function _USBConfigureEndpoint *****************
 Defined at:
		line 1713 in file "../../../../Microchip/USB/usb_device.c"
 Parameters:    Size  Location     Type
  EPNum           1    wreg     unsigned char 
  direction       1    1[COMMON] unsigned char 
 Auto vars:     Size  Location     Type
  EPNum           1    6[COMMON] unsigned char 
  handle          1    7[COMMON] PTR volatile struct __BD
		 -> BDT(32), 
 Return value:  Size  Location     Type
		None               void
 Registers used:
		wreg, fsr1l, fsr1h, status,2, status,0
 Tracked objects:
		On entry : 
		On exit  : 
		Unchanged: 
 Data sizes:     COMMON   BANK0  BANK1h  BANK1l   BANK2   BANK3   BANK4   BANK5   BANK6   BANK7   BANK8   BANK9  BANK10  BANK11  BANK12
      Params:         1       0       0       0       0       0       0       0       0       0       0       0       0       0       0
      Locals:         2       0       0       0       0       0       0       0       0       0       0       0       0       0       0
      Temps:          4       0       0       0       0       0       0       0       0       0       0       0       0       0       0
      Totals:         7       0       0       0       0       0       0       0       0       0       0       0       0       0       0
Total ram usage:        7 bytes
 Hardware stack levels used:    1
 Hardware stack levels required when called:    1
 This function calls:
		Nothing
 This function is called by:
		_USBEnableEndpoint
 This function uses a non-reentrant model


 *************** function _ISRCode *****************
 Defined at:
		line 539 in file "../main.c"
 Parameters:    Size  Location     Type
		None
 Auto vars:     Size  Location     Type
		None
 Return value:  Size  Location     Type
		None               void
 Registers used:
		None
 Tracked objects:
		On entry : 
		On exit  : 
		Unchanged: 
 Data sizes:     COMMON   BANK0  BANK1h  BANK1l   BANK2   BANK3   BANK4   BANK5   BANK6   BANK7   BANK8   BANK9  BANK10  BANK11  BANK12
      Params:         0       0       0       0       0       0       0       0       0       0       0       0       0       0       0
      Locals:         0       0       0       0       0       0       0       0       0       0       0       0       0       0       0
      Temps:          1       0       0       0       0       0       0       0       0       0       0       0       0       0       0
      Totals:         1       0       0       0       0       0       0       0       0       0       0       0       0       0       0
Total ram usage:        1 bytes
 Hardware stack levels used:    1
 This function calls:
		Nothing
 This function is called by:
		Interrupt level 1
 This function uses a non-reentrant model



MODULE INFORMATION

Module		Function		Class		Link	Load	Size
../main.c
		_BlinkUSBStatus		CODE           	055C	0000	164
		_USBCBErrorHand		CODE           	0A54	0000	1
		_UserInit      		CODE           	0AA2	0000	24
		_USBCBWakeFromS		CODE           	0003	0000	1
		_main          		CODE           	0A6B	0000	14
		_USER_USB_CALLB		CODE           	0BD3	0000	74
		_USBCBStdSetDsc		CODE           	0A53	0000	1
		_Joystick      		CODE           	0D8E	0000	117
		_USBCBInitEP   		CODE           	02F6	0000	9
		_InitializeSyst		CODE           	0A5F	0000	12
		_ProcessIO     		CODE           	0A8D	0000	21
		_USBCB_SOF_Hand		CODE           	0002	0000	1
		_USBCBSuspend  		CODE           	02FF	0000	1
		_USBCBCheckOthe		CODE           	0A55	0000	4
		_ISRCode       		CODE           	0004	0000	7

../main.c estimated size: 451

../../common/memset.c
		_memset        		CODE           	0AED	0000	34

../../common/memset.c estimated size: 34

shared
		_configDescript		STRCODE        	03B5	0000	41
		_USB_CD_Ptr    		STRCODE        	0307	0000	2
		_sd001         		STRCODE        	0353	0000	52
		__stringtab    		STRCODE        	0300	0000	1
		_sd002         		STRCODE        	0387	0000	46
		__initializatio		CODE           	0A79	0000	17
		_device_dsc    		STRCODE        	03DE	0000	18
		_USB_SD_Ptr    		STRCODE        	0301	0000	6
		_hid_rpt01     		STRCODE        	0309	0000	74
		_sd000         		STRCODE        	03F0	0000	4

shared estimated size: 261

../../../../Microchip/USB/usb_device.c
		_USBCtrlTrfInHa		CODE           	0E03	0000	118
		_USBTransferOne		CODE           	0C6C	0000	89
		_USBStdGetDscHa		CODE           	0E79	0000	125
		_USBCtrlEPAllow		CODE           	0C1D	0000	79
		_USBStdFeatureR		CODE           	0160	0000	312
		_USBCtrlEPAllow		CODE           	0D23	0000	107
		_USBCtrlTrfSetu		CODE           	0B93	0000	64
		_USBCtrlTrfOutH		CODE           	0B63	0000	48
		_USBCtrlEPServi		CODE           	0F75	0000	139
		_USBSuspend    		CODE           	0AD3	0000	26
		_USBStdSetCfgHa		CODE           	072F	0000	142
		_USBStdGetStatu		CODE           	0CC5	0000	94
		_USBWakeFromSus		CODE           	0ABA	0000	25
		_USBCtrlTrfRxSe		CODE           	04AD	0000	175
		_USBCtrlTrfTxSe		CODE           	069D	0000	146
		_USBEnableEndpo		CODE           	0B37	0000	44
		_USBConfigureEn		CODE           	07BD	0000	67
		_USBDeviceInit 		CODE           	03F4	0000	185
		_USBCtrlEPServi		CODE           	0EF6	0000	127
		_USBStallHandle		CODE           	0B0F	0000	40
		_USBDeviceTasks		CODE           	000D	0000	339
		_USBCheckStdReq		CODE           	0298	0000	94

../../../../Microchip/USB/usb_device.c estimated size: 2585

../../../../Microchip/USB/HID Device Driver/usb_function_hid.c
		_USBCheckHIDReq		CODE           	0600	0000	157

../../../../Microchip/USB/HID Device Driver/usb_function_hid.c estimated size: 157

